Timing Analyzer report for DDS_INIT
Mon Apr 20 11:15:50 2020
Quartus Prime Version 19.1.0 Build 670 09/22/2019 SJ Lite Edition


---------------------
; Table of Contents ;
---------------------
  1. Legal Notice
  2. Timing Analyzer Summary
  3. Parallel Compilation
  4. Clocks
  5. Fmax Summary
  6. Setup Summary
  7. Hold Summary
  8. Recovery Summary
  9. Removal Summary
 10. Minimum Pulse Width Summary
 11. Setup: 'CLK_EN'
 12. Setup: 'Q_SEQ[5]'
 13. Setup: 'MCLK'
 14. Hold: 'CLK_EN'
 15. Hold: 'Q_SEQ[5]'
 16. Hold: 'MCLK'
 17. Recovery: 'Q_SEQ[5]'
 18. Removal: 'Q_SEQ[5]'
 19. Setup Transfers
 20. Hold Transfers
 21. Recovery Transfers
 22. Removal Transfers
 23. Report TCCS
 24. Report RSKM
 25. Unconstrained Paths Summary
 26. Clock Status Summary
 27. Unconstrained Input Ports
 28. Unconstrained Output Ports
 29. Unconstrained Input Ports
 30. Unconstrained Output Ports
 31. Timing Analyzer Messages



----------------
; Legal Notice ;
----------------
Copyright (C) 2019  Intel Corporation. All rights reserved.
Your use of Intel Corporation's design tools, logic functions 
and other software and tools, and any partner logic 
functions, and any output files from any of the foregoing 
(including device programming or simulation files), and any 
associated documentation or information are expressly subject 
to the terms and conditions of the Intel Program License 
Subscription Agreement, the Intel Quartus Prime License Agreement,
the Intel FPGA IP License Agreement, or other applicable license
agreement, including, without limitation, that your use is for
the sole purpose of programming logic devices manufactured by
Intel and sold by Intel or its authorized distributors.  Please
refer to the applicable agreement for further details, at
https://fpgasoftware.intel.com/eula.



+-----------------------------------------------------------------------------+
; Timing Analyzer Summary                                                     ;
+-----------------------+-----------------------------------------------------+
; Quartus Prime Version ; Version 19.1.0 Build 670 09/22/2019 SJ Lite Edition ;
; Timing Analyzer       ; Legacy Timing Analyzer                              ;
; Revision Name         ; DDS_INIT                                            ;
; Device Family         ; MAX V                                               ;
; Device Name           ; 5M80ZT100C5                                         ;
; Timing Models         ; Final                                               ;
; Delay Model           ; Slow Model                                          ;
; Rise/Fall Delays      ; Unavailable                                         ;
+-----------------------+-----------------------------------------------------+


+------------------------------------------+
; Parallel Compilation                     ;
+----------------------------+-------------+
; Processors                 ; Number      ;
+----------------------------+-------------+
; Number detected on machine ; 4           ;
; Maximum allowed            ; 2           ;
;                            ;             ;
; Average used               ; 1.00        ;
; Maximum used               ; 1           ;
;                            ;             ;
; Usage by Processor         ; % Time Used ;
;     Processor 1            ; 100.0%      ;
+----------------------------+-------------+


+--------------------------------------------------------------------------------------------------------------------------------------------------------------------------------------+
; Clocks                                                                                                                                                                               ;
+------------+------+--------+------------+-------+-------+------------+-----------+-------------+-------+--------+-----------+------------+----------+--------+--------+--------------+
; Clock Name ; Type ; Period ; Frequency  ; Rise  ; Fall  ; Duty Cycle ; Divide by ; Multiply by ; Phase ; Offset ; Edge List ; Edge Shift ; Inverted ; Master ; Source ; Targets      ;
+------------+------+--------+------------+-------+-------+------------+-----------+-------------+-------+--------+-----------+------------+----------+--------+--------+--------------+
; CLK_EN     ; Base ; 1.000  ; 1000.0 MHz ; 0.000 ; 0.500 ;            ;           ;             ;       ;        ;           ;            ;          ;        ;        ; { CLK_EN }   ;
; MCLK       ; Base ; 1.000  ; 1000.0 MHz ; 0.000 ; 0.500 ;            ;           ;             ;       ;        ;           ;            ;          ;        ;        ; { MCLK }     ;
; Q_SEQ[5]   ; Base ; 1.000  ; 1000.0 MHz ; 0.000 ; 0.500 ;            ;           ;             ;       ;        ;           ;            ;          ;        ;        ; { Q_SEQ[5] } ;
+------------+------+--------+------------+-------+-------+------------+-----------+-------------+-------+--------+-----------+------------+----------+--------+--------+--------------+


+--------------------------------------------------+
; Fmax Summary                                     ;
+------------+-----------------+------------+------+
; Fmax       ; Restricted Fmax ; Clock Name ; Note ;
+------------+-----------------+------------+------+
; 78.06 MHz  ; 78.06 MHz       ; CLK_EN     ;      ;
; 116.74 MHz ; 116.74 MHz      ; Q_SEQ[5]   ;      ;
; 134.46 MHz ; 134.46 MHz      ; MCLK       ;      ;
+------------+-----------------+------------+------+
This panel reports FMAX for every clock in the design, regardless of the user-specified clock periods.  FMAX is only computed for paths where the source and destination registers or ports are driven by the same clock.  Paths of different clocks, including generated clocks, are ignored.  For paths between a clock and its inversion, FMAX is computed as if the rising and falling edges are scaled along with FMAX, such that the duty cycle (in terms of a percentage) is maintained. Altera recommends that you always use clock constraints and other slack reports for sign-off analysis.


+------------------------------------+
; Setup Summary                      ;
+----------+---------+---------------+
; Clock    ; Slack   ; End Point TNS ;
+----------+---------+---------------+
; CLK_EN   ; -11.810 ; -58.373       ;
; Q_SEQ[5] ; -7.566  ; -30.082       ;
; MCLK     ; -6.437  ; -40.679       ;
+----------+---------+---------------+


+-----------------------------------+
; Hold Summary                      ;
+----------+--------+---------------+
; Clock    ; Slack  ; End Point TNS ;
+----------+--------+---------------+
; CLK_EN   ; -2.076 ; -5.508        ;
; Q_SEQ[5] ; 1.728  ; 0.000         ;
; MCLK     ; 5.243  ; 0.000         ;
+----------+--------+---------------+


+------------------------------------+
; Recovery Summary                   ;
+----------+---------+---------------+
; Clock    ; Slack   ; End Point TNS ;
+----------+---------+---------------+
; Q_SEQ[5] ; -11.301 ; -29.357       ;
+----------+---------+---------------+


+----------------------------------+
; Removal Summary                  ;
+----------+-------+---------------+
; Clock    ; Slack ; End Point TNS ;
+----------+-------+---------------+
; Q_SEQ[5] ; 6.175 ; 0.000         ;
+----------+-------+---------------+


+-----------------------------------+
; Minimum Pulse Width Summary       ;
+----------+--------+---------------+
; Clock    ; Slack  ; End Point TNS ;
+----------+--------+---------------+
; MCLK     ; -2.289 ; -2.289        ;
; CLK_EN   ; 0.161  ; 0.000         ;
; Q_SEQ[5] ; 0.161  ; 0.000         ;
+----------+--------+---------------+


+------------------------------------------------------------------------------------------------------+
; Setup: 'CLK_EN'                                                                                      ;
+---------+-----------+----------+--------------+-------------+--------------+------------+------------+
; Slack   ; From Node ; To Node  ; Launch Clock ; Latch Clock ; Relationship ; Clock Skew ; Data Delay ;
+---------+-----------+----------+--------------+-------------+--------------+------------+------------+
; -11.810 ; Q_SEQ[3]  ; Q_SEQ[3] ; CLK_EN       ; CLK_EN      ; 1.000        ; 0.000      ; 12.489     ;
; -11.807 ; Q_SEQ[3]  ; Q_SEQ[2] ; CLK_EN       ; CLK_EN      ; 1.000        ; 0.000      ; 12.486     ;
; -11.786 ; Q_SEQ[3]  ; Q_SEQ[1] ; CLK_EN       ; CLK_EN      ; 1.000        ; 0.000      ; 12.465     ;
; -11.544 ; Q_SEQ[0]  ; Q_SEQ[2] ; CLK_EN       ; CLK_EN      ; 1.000        ; 0.000      ; 12.223     ;
; -10.482 ; Q_SEQ[2]  ; Q_SEQ[2] ; CLK_EN       ; CLK_EN      ; 1.000        ; 0.000      ; 11.161     ;
; -10.362 ; Q_SEQ[1]  ; Q_SEQ[2] ; CLK_EN       ; CLK_EN      ; 1.000        ; 0.000      ; 11.041     ;
; -10.306 ; Q_SEQ[3]  ; Q_SEQ[4] ; CLK_EN       ; CLK_EN      ; 1.000        ; 0.000      ; 10.985     ;
; -10.014 ; Q_SEQ[0]  ; Q_SEQ[3] ; CLK_EN       ; CLK_EN      ; 1.000        ; 0.000      ; 10.693     ;
; -9.904  ; Q_SEQ[0]  ; Q_SEQ[5] ; CLK_EN       ; CLK_EN      ; 1.000        ; 0.000      ; 10.583     ;
; -9.904  ; Q_SEQ[0]  ; Q_SEQ[4] ; CLK_EN       ; CLK_EN      ; 1.000        ; 0.000      ; 10.583     ;
; -9.802  ; Q_SEQ[2]  ; Q_SEQ[3] ; CLK_EN       ; CLK_EN      ; 1.000        ; 0.000      ; 10.481     ;
; -9.713  ; Q_SEQ[3]  ; Q_SEQ[5] ; CLK_EN       ; CLK_EN      ; 1.000        ; 0.000      ; 10.392     ;
; -9.692  ; Q_SEQ[2]  ; Q_SEQ[5] ; CLK_EN       ; CLK_EN      ; 1.000        ; 0.000      ; 10.371     ;
; -9.692  ; Q_SEQ[2]  ; Q_SEQ[4] ; CLK_EN       ; CLK_EN      ; 1.000        ; 0.000      ; 10.371     ;
; -8.832  ; Q_SEQ[1]  ; Q_SEQ[3] ; CLK_EN       ; CLK_EN      ; 1.000        ; 0.000      ; 9.511      ;
; -8.722  ; Q_SEQ[1]  ; Q_SEQ[5] ; CLK_EN       ; CLK_EN      ; 1.000        ; 0.000      ; 9.401      ;
; -8.722  ; Q_SEQ[1]  ; Q_SEQ[4] ; CLK_EN       ; CLK_EN      ; 1.000        ; 0.000      ; 9.401      ;
; -8.651  ; Q_SEQ[0]  ; Q_SEQ[1] ; CLK_EN       ; CLK_EN      ; 1.000        ; 0.000      ; 9.330      ;
; -8.104  ; Q_SEQ[1]  ; Q_SEQ[1] ; CLK_EN       ; CLK_EN      ; 1.000        ; 0.000      ; 8.783      ;
; -8.016  ; Q_SEQ[4]  ; Q_SEQ[5] ; CLK_EN       ; CLK_EN      ; 1.000        ; 0.000      ; 8.695      ;
; -7.289  ; Q_SEQ[4]  ; Q_SEQ[3] ; CLK_EN       ; CLK_EN      ; 1.000        ; 0.000      ; 7.968      ;
; -7.286  ; Q_SEQ[4]  ; Q_SEQ[2] ; CLK_EN       ; CLK_EN      ; 1.000        ; 0.000      ; 7.965      ;
; -7.265  ; Q_SEQ[4]  ; Q_SEQ[1] ; CLK_EN       ; CLK_EN      ; 1.000        ; 0.000      ; 7.944      ;
; -7.006  ; Q_SEQ[4]  ; Q_SEQ[4] ; CLK_EN       ; CLK_EN      ; 1.000        ; 0.000      ; 7.685      ;
; -5.759  ; Q_SEQ[2]  ; Q_SEQ[1] ; CLK_EN       ; CLK_EN      ; 1.000        ; 0.000      ; 6.438      ;
; -2.760  ; Q_SEQ[0]  ; Q_SEQ[0] ; CLK_EN       ; CLK_EN      ; 1.000        ; 0.000      ; 3.439      ;
; 0.712   ; Q_SEQ[5]  ; Q_SEQ[3] ; Q_SEQ[5]     ; CLK_EN      ; 0.500        ; 7.337      ; 7.298      ;
; 0.715   ; Q_SEQ[5]  ; Q_SEQ[2] ; Q_SEQ[5]     ; CLK_EN      ; 0.500        ; 7.337      ; 7.295      ;
; 0.736   ; Q_SEQ[5]  ; Q_SEQ[1] ; Q_SEQ[5]     ; CLK_EN      ; 0.500        ; 7.337      ; 7.274      ;
; 1.212   ; Q_SEQ[5]  ; Q_SEQ[3] ; Q_SEQ[5]     ; CLK_EN      ; 1.000        ; 7.337      ; 7.298      ;
; 1.215   ; Q_SEQ[5]  ; Q_SEQ[2] ; Q_SEQ[5]     ; CLK_EN      ; 1.000        ; 7.337      ; 7.295      ;
; 1.236   ; Q_SEQ[5]  ; Q_SEQ[1] ; Q_SEQ[5]     ; CLK_EN      ; 1.000        ; 7.337      ; 7.274      ;
; 1.829   ; Q_SEQ[5]  ; Q_SEQ[5] ; Q_SEQ[5]     ; CLK_EN      ; 0.500        ; 7.337      ; 6.181      ;
; 2.216   ; Q_SEQ[5]  ; Q_SEQ[4] ; Q_SEQ[5]     ; CLK_EN      ; 0.500        ; 7.337      ; 5.794      ;
; 2.329   ; Q_SEQ[5]  ; Q_SEQ[5] ; Q_SEQ[5]     ; CLK_EN      ; 1.000        ; 7.337      ; 6.181      ;
; 2.716   ; Q_SEQ[5]  ; Q_SEQ[4] ; Q_SEQ[5]     ; CLK_EN      ; 1.000        ; 7.337      ; 5.794      ;
+---------+-----------+----------+--------------+-------------+--------------+------------+------------+


+------------------------------------------------------------------------------------------------------------------------------------------------------------+
; Setup: 'Q_SEQ[5]'                                                                                                                                          ;
+--------+--------------------------------------+--------------------------------------+--------------+-------------+--------------+------------+------------+
; Slack  ; From Node                            ; To Node                              ; Launch Clock ; Latch Clock ; Relationship ; Clock Skew ; Data Delay ;
+--------+--------------------------------------+--------------------------------------+--------------+-------------+--------------+------------+------------+
; -7.566 ; COUNTER_INC:ADDRESS_COUNTER|Q_INT[0] ; S_REG[14]                            ; Q_SEQ[5]     ; Q_SEQ[5]    ; 1.000        ; 0.000      ; 8.245      ;
; -6.033 ; COUNTER_INC:ADDRESS_COUNTER|Q_INT[1] ; CLK_EN                               ; Q_SEQ[5]     ; Q_SEQ[5]    ; 1.000        ; 0.000      ; 6.712      ;
; -5.689 ; COUNTER_INC:ADDRESS_COUNTER|Q_INT[0] ; CLK_EN                               ; Q_SEQ[5]     ; Q_SEQ[5]    ; 1.000        ; 0.000      ; 6.368      ;
; -5.167 ; COUNTER_INC:ADDRESS_COUNTER|Q_INT[1] ; S_REG[13]                            ; Q_SEQ[5]     ; Q_SEQ[5]    ; 1.000        ; 0.000      ; 5.846      ;
; -4.686 ; COUNTER_INC:ADDRESS_COUNTER|Q_INT[0] ; S_REG[8]                             ; Q_SEQ[5]     ; Q_SEQ[5]    ; 1.000        ; 0.000      ; 5.365      ;
; -3.860 ; COUNTER_INC:ADDRESS_COUNTER|Q_INT[0] ; COUNTER_INC:ADDRESS_COUNTER|Q_INT[1] ; Q_SEQ[5]     ; Q_SEQ[5]    ; 1.000        ; 0.000      ; 4.539      ;
; -3.592 ; COUNTER_INC:ADDRESS_COUNTER|Q_INT[1] ; S_REG[14]                            ; Q_SEQ[5]     ; Q_SEQ[5]    ; 1.000        ; 0.000      ; 4.271      ;
; -3.371 ; COUNTER_INC:ADDRESS_COUNTER|Q_INT[0] ; S_REG[13]                            ; Q_SEQ[5]     ; Q_SEQ[5]    ; 1.000        ; 0.000      ; 4.050      ;
; -2.770 ; COUNTER_INC:ADDRESS_COUNTER|Q_INT[1] ; COUNTER_INC:ADDRESS_COUNTER|Q_INT[0] ; Q_SEQ[5]     ; Q_SEQ[5]    ; 1.000        ; 0.000      ; 3.449      ;
; -1.800 ; COUNTER_INC:ADDRESS_COUNTER|Q_INT[1] ; S_REG[8]                             ; Q_SEQ[5]     ; Q_SEQ[5]    ; 1.000        ; 0.000      ; 2.479      ;
; -1.088 ; COUNTER_INC:ADDRESS_COUNTER|Q_INT[1] ; COUNTER_INC:ADDRESS_COUNTER|Q_INT[1] ; Q_SEQ[5]     ; Q_SEQ[5]    ; 1.000        ; 0.000      ; 1.767      ;
; -1.088 ; COUNTER_INC:ADDRESS_COUNTER|Q_INT[0] ; COUNTER_INC:ADDRESS_COUNTER|Q_INT[0] ; Q_SEQ[5]     ; Q_SEQ[5]    ; 1.000        ; 0.000      ; 1.767      ;
+--------+--------------------------------------+--------------------------------------+--------------+-------------+--------------+------------+------------+


+------------------------------------------------------------------------------------------------------------------------------------------------+
; Setup: 'MCLK'                                                                                                                                  ;
+--------+--------------------------------+--------------------------------+--------------+-------------+--------------+------------+------------+
; Slack  ; From Node                      ; To Node                        ; Launch Clock ; Latch Clock ; Relationship ; Clock Skew ; Data Delay ;
+--------+--------------------------------+--------------------------------+--------------+-------------+--------------+------------+------------+
; -6.437 ; COUNTER_INC:PRESCALER|Q_INT[2] ; COUNTER_INC:PRESCALER|Q_INT[6] ; MCLK         ; MCLK        ; 1.000        ; 0.000      ; 7.116      ;
; -6.437 ; COUNTER_INC:PRESCALER|Q_INT[2] ; COUNTER_INC:PRESCALER|Q_INT[5] ; MCLK         ; MCLK        ; 1.000        ; 0.000      ; 7.116      ;
; -6.437 ; COUNTER_INC:PRESCALER|Q_INT[2] ; COUNTER_INC:PRESCALER|Q_INT[4] ; MCLK         ; MCLK        ; 1.000        ; 0.000      ; 7.116      ;
; -6.358 ; COUNTER_INC:PRESCALER|Q_INT[3] ; COUNTER_INC:PRESCALER|Q_INT[6] ; MCLK         ; MCLK        ; 1.000        ; 0.000      ; 7.037      ;
; -6.358 ; COUNTER_INC:PRESCALER|Q_INT[3] ; COUNTER_INC:PRESCALER|Q_INT[5] ; MCLK         ; MCLK        ; 1.000        ; 0.000      ; 7.037      ;
; -6.358 ; COUNTER_INC:PRESCALER|Q_INT[3] ; COUNTER_INC:PRESCALER|Q_INT[4] ; MCLK         ; MCLK        ; 1.000        ; 0.000      ; 7.037      ;
; -6.327 ; COUNTER_INC:PRESCALER|Q_INT[0] ; COUNTER_INC:PRESCALER|Q_INT[6] ; MCLK         ; MCLK        ; 1.000        ; 0.000      ; 7.006      ;
; -6.327 ; COUNTER_INC:PRESCALER|Q_INT[0] ; COUNTER_INC:PRESCALER|Q_INT[5] ; MCLK         ; MCLK        ; 1.000        ; 0.000      ; 7.006      ;
; -6.327 ; COUNTER_INC:PRESCALER|Q_INT[0] ; COUNTER_INC:PRESCALER|Q_INT[4] ; MCLK         ; MCLK        ; 1.000        ; 0.000      ; 7.006      ;
; -6.168 ; COUNTER_INC:PRESCALER|Q_INT[1] ; COUNTER_INC:PRESCALER|Q_INT[6] ; MCLK         ; MCLK        ; 1.000        ; 0.000      ; 6.847      ;
; -6.168 ; COUNTER_INC:PRESCALER|Q_INT[1] ; COUNTER_INC:PRESCALER|Q_INT[5] ; MCLK         ; MCLK        ; 1.000        ; 0.000      ; 6.847      ;
; -6.168 ; COUNTER_INC:PRESCALER|Q_INT[1] ; COUNTER_INC:PRESCALER|Q_INT[4] ; MCLK         ; MCLK        ; 1.000        ; 0.000      ; 6.847      ;
; -6.002 ; COUNTER_INC:PRESCALER|Q_INT[4] ; COUNTER_INC:PRESCALER|Q_INT[6] ; MCLK         ; MCLK        ; 1.000        ; 0.000      ; 6.681      ;
; -5.843 ; COUNTER_INC:PRESCALER|Q_INT[5] ; COUNTER_INC:PRESCALER|Q_INT[6] ; MCLK         ; MCLK        ; 1.000        ; 0.000      ; 6.522      ;
; -5.842 ; COUNTER_INC:PRESCALER|Q_INT[4] ; COUNTER_INC:PRESCALER|Q_INT[5] ; MCLK         ; MCLK        ; 1.000        ; 0.000      ; 6.521      ;
; -5.818 ; COUNTER_INC:PRESCALER|Q_INT[2] ; COUNTER_INC:PRESCALER|Q_INT[3] ; MCLK         ; MCLK        ; 1.000        ; 0.000      ; 6.497      ;
; -5.708 ; COUNTER_INC:PRESCALER|Q_INT[0] ; COUNTER_INC:PRESCALER|Q_INT[3] ; MCLK         ; MCLK        ; 1.000        ; 0.000      ; 6.387      ;
; -5.549 ; COUNTER_INC:PRESCALER|Q_INT[1] ; COUNTER_INC:PRESCALER|Q_INT[3] ; MCLK         ; MCLK        ; 1.000        ; 0.000      ; 6.228      ;
; -5.548 ; COUNTER_INC:PRESCALER|Q_INT[0] ; COUNTER_INC:PRESCALER|Q_INT[2] ; MCLK         ; MCLK        ; 1.000        ; 0.000      ; 6.227      ;
; -5.389 ; COUNTER_INC:PRESCALER|Q_INT[1] ; COUNTER_INC:PRESCALER|Q_INT[2] ; MCLK         ; MCLK        ; 1.000        ; 0.000      ; 6.068      ;
; -5.388 ; COUNTER_INC:PRESCALER|Q_INT[0] ; COUNTER_INC:PRESCALER|Q_INT[1] ; MCLK         ; MCLK        ; 1.000        ; 0.000      ; 6.067      ;
; -4.801 ; COUNTER_INC:PRESCALER|Q_INT[5] ; COUNTER_INC:PRESCALER|Q_INT[5] ; MCLK         ; MCLK        ; 1.000        ; 0.000      ; 5.480      ;
; -4.801 ; COUNTER_INC:PRESCALER|Q_INT[3] ; COUNTER_INC:PRESCALER|Q_INT[3] ; MCLK         ; MCLK        ; 1.000        ; 0.000      ; 5.480      ;
; -4.800 ; COUNTER_INC:PRESCALER|Q_INT[4] ; COUNTER_INC:PRESCALER|Q_INT[4] ; MCLK         ; MCLK        ; 1.000        ; 0.000      ; 5.479      ;
; -4.776 ; COUNTER_INC:PRESCALER|Q_INT[2] ; COUNTER_INC:PRESCALER|Q_INT[2] ; MCLK         ; MCLK        ; 1.000        ; 0.000      ; 5.455      ;
; -4.615 ; COUNTER_INC:PRESCALER|Q_INT[1] ; COUNTER_INC:PRESCALER|Q_INT[1] ; MCLK         ; MCLK        ; 1.000        ; 0.000      ; 5.294      ;
; -4.614 ; COUNTER_INC:PRESCALER|Q_INT[0] ; COUNTER_INC:PRESCALER|Q_INT[0] ; MCLK         ; MCLK        ; 1.000        ; 0.000      ; 5.293      ;
; -4.603 ; COUNTER_INC:PRESCALER|Q_INT[6] ; COUNTER_INC:PRESCALER|Q_INT[6] ; MCLK         ; MCLK        ; 1.000        ; 0.000      ; 5.282      ;
+--------+--------------------------------+--------------------------------+--------------+-------------+--------------+------------+------------+


+-----------------------------------------------------------------------------------------------------+
; Hold: 'CLK_EN'                                                                                      ;
+--------+-----------+----------+--------------+-------------+--------------+------------+------------+
; Slack  ; From Node ; To Node  ; Launch Clock ; Latch Clock ; Relationship ; Clock Skew ; Data Delay ;
+--------+-----------+----------+--------------+-------------+--------------+------------+------------+
; -2.076 ; Q_SEQ[5]  ; Q_SEQ[4] ; Q_SEQ[5]     ; CLK_EN      ; 0.000        ; 7.337      ; 5.794      ;
; -1.689 ; Q_SEQ[5]  ; Q_SEQ[5] ; Q_SEQ[5]     ; CLK_EN      ; 0.000        ; 7.337      ; 6.181      ;
; -1.576 ; Q_SEQ[5]  ; Q_SEQ[4] ; Q_SEQ[5]     ; CLK_EN      ; -0.500       ; 7.337      ; 5.794      ;
; -1.189 ; Q_SEQ[5]  ; Q_SEQ[5] ; Q_SEQ[5]     ; CLK_EN      ; -0.500       ; 7.337      ; 6.181      ;
; -0.596 ; Q_SEQ[5]  ; Q_SEQ[1] ; Q_SEQ[5]     ; CLK_EN      ; 0.000        ; 7.337      ; 7.274      ;
; -0.575 ; Q_SEQ[5]  ; Q_SEQ[2] ; Q_SEQ[5]     ; CLK_EN      ; 0.000        ; 7.337      ; 7.295      ;
; -0.572 ; Q_SEQ[5]  ; Q_SEQ[3] ; Q_SEQ[5]     ; CLK_EN      ; 0.000        ; 7.337      ; 7.298      ;
; -0.096 ; Q_SEQ[5]  ; Q_SEQ[1] ; Q_SEQ[5]     ; CLK_EN      ; -0.500       ; 7.337      ; 7.274      ;
; -0.075 ; Q_SEQ[5]  ; Q_SEQ[2] ; Q_SEQ[5]     ; CLK_EN      ; -0.500       ; 7.337      ; 7.295      ;
; -0.072 ; Q_SEQ[5]  ; Q_SEQ[3] ; Q_SEQ[5]     ; CLK_EN      ; -0.500       ; 7.337      ; 7.298      ;
; 3.400  ; Q_SEQ[0]  ; Q_SEQ[0] ; CLK_EN       ; CLK_EN      ; 0.000        ; 0.000      ; 3.439      ;
; 5.274  ; Q_SEQ[0]  ; Q_SEQ[3] ; CLK_EN       ; CLK_EN      ; 0.000        ; 0.000      ; 5.313      ;
; 5.277  ; Q_SEQ[0]  ; Q_SEQ[2] ; CLK_EN       ; CLK_EN      ; 0.000        ; 0.000      ; 5.316      ;
; 5.442  ; Q_SEQ[2]  ; Q_SEQ[2] ; CLK_EN       ; CLK_EN      ; 0.000        ; 0.000      ; 5.481      ;
; 5.445  ; Q_SEQ[2]  ; Q_SEQ[3] ; CLK_EN       ; CLK_EN      ; 0.000        ; 0.000      ; 5.484      ;
; 6.389  ; Q_SEQ[2]  ; Q_SEQ[4] ; CLK_EN       ; CLK_EN      ; 0.000        ; 0.000      ; 6.428      ;
; 6.399  ; Q_SEQ[2]  ; Q_SEQ[1] ; CLK_EN       ; CLK_EN      ; 0.000        ; 0.000      ; 6.438      ;
; 6.425  ; Q_SEQ[4]  ; Q_SEQ[4] ; CLK_EN       ; CLK_EN      ; 0.000        ; 0.000      ; 6.464      ;
; 7.259  ; Q_SEQ[1]  ; Q_SEQ[1] ; CLK_EN       ; CLK_EN      ; 0.000        ; 0.000      ; 7.298      ;
; 7.264  ; Q_SEQ[1]  ; Q_SEQ[4] ; CLK_EN       ; CLK_EN      ; 0.000        ; 0.000      ; 7.303      ;
; 7.905  ; Q_SEQ[4]  ; Q_SEQ[1] ; CLK_EN       ; CLK_EN      ; 0.000        ; 0.000      ; 7.944      ;
; 7.926  ; Q_SEQ[4]  ; Q_SEQ[2] ; CLK_EN       ; CLK_EN      ; 0.000        ; 0.000      ; 7.965      ;
; 7.929  ; Q_SEQ[4]  ; Q_SEQ[3] ; CLK_EN       ; CLK_EN      ; 0.000        ; 0.000      ; 7.968      ;
; 8.617  ; Q_SEQ[4]  ; Q_SEQ[5] ; CLK_EN       ; CLK_EN      ; 0.000        ; 0.000      ; 8.656      ;
; 8.765  ; Q_SEQ[1]  ; Q_SEQ[2] ; CLK_EN       ; CLK_EN      ; 0.000        ; 0.000      ; 8.804      ;
; 8.768  ; Q_SEQ[1]  ; Q_SEQ[3] ; CLK_EN       ; CLK_EN      ; 0.000        ; 0.000      ; 8.807      ;
; 8.928  ; Q_SEQ[0]  ; Q_SEQ[1] ; CLK_EN       ; CLK_EN      ; 0.000        ; 0.000      ; 8.967      ;
; 8.932  ; Q_SEQ[0]  ; Q_SEQ[4] ; CLK_EN       ; CLK_EN      ; 0.000        ; 0.000      ; 8.971      ;
; 9.289  ; Q_SEQ[3]  ; Q_SEQ[3] ; CLK_EN       ; CLK_EN      ; 0.000        ; 0.000      ; 9.328      ;
; 9.324  ; Q_SEQ[1]  ; Q_SEQ[5] ; CLK_EN       ; CLK_EN      ; 0.000        ; 0.000      ; 9.363      ;
; 10.310 ; Q_SEQ[2]  ; Q_SEQ[5] ; CLK_EN       ; CLK_EN      ; 0.000        ; 0.000      ; 10.349     ;
; 10.353 ; Q_SEQ[3]  ; Q_SEQ[4] ; CLK_EN       ; CLK_EN      ; 0.000        ; 0.000      ; 10.392     ;
; 10.353 ; Q_SEQ[3]  ; Q_SEQ[5] ; CLK_EN       ; CLK_EN      ; 0.000        ; 0.000      ; 10.392     ;
; 10.490 ; Q_SEQ[0]  ; Q_SEQ[5] ; CLK_EN       ; CLK_EN      ; 0.000        ; 0.000      ; 10.529     ;
; 12.426 ; Q_SEQ[3]  ; Q_SEQ[1] ; CLK_EN       ; CLK_EN      ; 0.000        ; 0.000      ; 12.465     ;
; 12.447 ; Q_SEQ[3]  ; Q_SEQ[2] ; CLK_EN       ; CLK_EN      ; 0.000        ; 0.000      ; 12.486     ;
+--------+-----------+----------+--------------+-------------+--------------+------------+------------+


+-----------------------------------------------------------------------------------------------------------------------------------------------------------+
; Hold: 'Q_SEQ[5]'                                                                                                                                          ;
+-------+--------------------------------------+--------------------------------------+--------------+-------------+--------------+------------+------------+
; Slack ; From Node                            ; To Node                              ; Launch Clock ; Latch Clock ; Relationship ; Clock Skew ; Data Delay ;
+-------+--------------------------------------+--------------------------------------+--------------+-------------+--------------+------------+------------+
; 1.728 ; COUNTER_INC:ADDRESS_COUNTER|Q_INT[1] ; COUNTER_INC:ADDRESS_COUNTER|Q_INT[1] ; Q_SEQ[5]     ; Q_SEQ[5]    ; 0.000        ; 0.000      ; 1.767      ;
; 1.728 ; COUNTER_INC:ADDRESS_COUNTER|Q_INT[0] ; COUNTER_INC:ADDRESS_COUNTER|Q_INT[0] ; Q_SEQ[5]     ; Q_SEQ[5]    ; 0.000        ; 0.000      ; 1.767      ;
; 2.440 ; COUNTER_INC:ADDRESS_COUNTER|Q_INT[1] ; S_REG[8]                             ; Q_SEQ[5]     ; Q_SEQ[5]    ; 0.000        ; 0.000      ; 2.479      ;
; 3.410 ; COUNTER_INC:ADDRESS_COUNTER|Q_INT[1] ; COUNTER_INC:ADDRESS_COUNTER|Q_INT[0] ; Q_SEQ[5]     ; Q_SEQ[5]    ; 0.000        ; 0.000      ; 3.449      ;
; 4.011 ; COUNTER_INC:ADDRESS_COUNTER|Q_INT[0] ; S_REG[13]                            ; Q_SEQ[5]     ; Q_SEQ[5]    ; 0.000        ; 0.000      ; 4.050      ;
; 4.232 ; COUNTER_INC:ADDRESS_COUNTER|Q_INT[1] ; S_REG[14]                            ; Q_SEQ[5]     ; Q_SEQ[5]    ; 0.000        ; 0.000      ; 4.271      ;
; 4.500 ; COUNTER_INC:ADDRESS_COUNTER|Q_INT[0] ; COUNTER_INC:ADDRESS_COUNTER|Q_INT[1] ; Q_SEQ[5]     ; Q_SEQ[5]    ; 0.000        ; 0.000      ; 4.539      ;
; 5.326 ; COUNTER_INC:ADDRESS_COUNTER|Q_INT[0] ; S_REG[8]                             ; Q_SEQ[5]     ; Q_SEQ[5]    ; 0.000        ; 0.000      ; 5.365      ;
; 5.807 ; COUNTER_INC:ADDRESS_COUNTER|Q_INT[1] ; S_REG[13]                            ; Q_SEQ[5]     ; Q_SEQ[5]    ; 0.000        ; 0.000      ; 5.846      ;
; 6.329 ; COUNTER_INC:ADDRESS_COUNTER|Q_INT[0] ; CLK_EN                               ; Q_SEQ[5]     ; Q_SEQ[5]    ; 0.000        ; 0.000      ; 6.368      ;
; 6.673 ; COUNTER_INC:ADDRESS_COUNTER|Q_INT[1] ; CLK_EN                               ; Q_SEQ[5]     ; Q_SEQ[5]    ; 0.000        ; 0.000      ; 6.712      ;
; 8.206 ; COUNTER_INC:ADDRESS_COUNTER|Q_INT[0] ; S_REG[14]                            ; Q_SEQ[5]     ; Q_SEQ[5]    ; 0.000        ; 0.000      ; 8.245      ;
+-------+--------------------------------------+--------------------------------------+--------------+-------------+--------------+------------+------------+


+-----------------------------------------------------------------------------------------------------------------------------------------------+
; Hold: 'MCLK'                                                                                                                                  ;
+-------+--------------------------------+--------------------------------+--------------+-------------+--------------+------------+------------+
; Slack ; From Node                      ; To Node                        ; Launch Clock ; Latch Clock ; Relationship ; Clock Skew ; Data Delay ;
+-------+--------------------------------+--------------------------------+--------------+-------------+--------------+------------+------------+
; 5.243 ; COUNTER_INC:PRESCALER|Q_INT[6] ; COUNTER_INC:PRESCALER|Q_INT[6] ; MCLK         ; MCLK        ; 0.000        ; 0.000      ; 5.282      ;
; 5.254 ; COUNTER_INC:PRESCALER|Q_INT[0] ; COUNTER_INC:PRESCALER|Q_INT[0] ; MCLK         ; MCLK        ; 0.000        ; 0.000      ; 5.293      ;
; 5.255 ; COUNTER_INC:PRESCALER|Q_INT[1] ; COUNTER_INC:PRESCALER|Q_INT[1] ; MCLK         ; MCLK        ; 0.000        ; 0.000      ; 5.294      ;
; 5.416 ; COUNTER_INC:PRESCALER|Q_INT[2] ; COUNTER_INC:PRESCALER|Q_INT[2] ; MCLK         ; MCLK        ; 0.000        ; 0.000      ; 5.455      ;
; 5.440 ; COUNTER_INC:PRESCALER|Q_INT[4] ; COUNTER_INC:PRESCALER|Q_INT[4] ; MCLK         ; MCLK        ; 0.000        ; 0.000      ; 5.479      ;
; 5.441 ; COUNTER_INC:PRESCALER|Q_INT[5] ; COUNTER_INC:PRESCALER|Q_INT[5] ; MCLK         ; MCLK        ; 0.000        ; 0.000      ; 5.480      ;
; 5.441 ; COUNTER_INC:PRESCALER|Q_INT[3] ; COUNTER_INC:PRESCALER|Q_INT[3] ; MCLK         ; MCLK        ; 0.000        ; 0.000      ; 5.480      ;
; 5.989 ; COUNTER_INC:PRESCALER|Q_INT[0] ; COUNTER_INC:PRESCALER|Q_INT[1] ; MCLK         ; MCLK        ; 0.000        ; 0.000      ; 6.028      ;
; 5.990 ; COUNTER_INC:PRESCALER|Q_INT[1] ; COUNTER_INC:PRESCALER|Q_INT[2] ; MCLK         ; MCLK        ; 0.000        ; 0.000      ; 6.029      ;
; 6.133 ; COUNTER_INC:PRESCALER|Q_INT[0] ; COUNTER_INC:PRESCALER|Q_INT[2] ; MCLK         ; MCLK        ; 0.000        ; 0.000      ; 6.172      ;
; 6.134 ; COUNTER_INC:PRESCALER|Q_INT[1] ; COUNTER_INC:PRESCALER|Q_INT[3] ; MCLK         ; MCLK        ; 0.000        ; 0.000      ; 6.173      ;
; 6.277 ; COUNTER_INC:PRESCALER|Q_INT[0] ; COUNTER_INC:PRESCALER|Q_INT[3] ; MCLK         ; MCLK        ; 0.000        ; 0.000      ; 6.316      ;
; 6.418 ; COUNTER_INC:PRESCALER|Q_INT[2] ; COUNTER_INC:PRESCALER|Q_INT[3] ; MCLK         ; MCLK        ; 0.000        ; 0.000      ; 6.457      ;
; 6.442 ; COUNTER_INC:PRESCALER|Q_INT[4] ; COUNTER_INC:PRESCALER|Q_INT[5] ; MCLK         ; MCLK        ; 0.000        ; 0.000      ; 6.481      ;
; 6.443 ; COUNTER_INC:PRESCALER|Q_INT[5] ; COUNTER_INC:PRESCALER|Q_INT[6] ; MCLK         ; MCLK        ; 0.000        ; 0.000      ; 6.482      ;
; 6.586 ; COUNTER_INC:PRESCALER|Q_INT[4] ; COUNTER_INC:PRESCALER|Q_INT[6] ; MCLK         ; MCLK        ; 0.000        ; 0.000      ; 6.625      ;
; 6.770 ; COUNTER_INC:PRESCALER|Q_INT[1] ; COUNTER_INC:PRESCALER|Q_INT[6] ; MCLK         ; MCLK        ; 0.000        ; 0.000      ; 6.809      ;
; 6.770 ; COUNTER_INC:PRESCALER|Q_INT[1] ; COUNTER_INC:PRESCALER|Q_INT[5] ; MCLK         ; MCLK        ; 0.000        ; 0.000      ; 6.809      ;
; 6.770 ; COUNTER_INC:PRESCALER|Q_INT[1] ; COUNTER_INC:PRESCALER|Q_INT[4] ; MCLK         ; MCLK        ; 0.000        ; 0.000      ; 6.809      ;
; 6.913 ; COUNTER_INC:PRESCALER|Q_INT[0] ; COUNTER_INC:PRESCALER|Q_INT[6] ; MCLK         ; MCLK        ; 0.000        ; 0.000      ; 6.952      ;
; 6.913 ; COUNTER_INC:PRESCALER|Q_INT[0] ; COUNTER_INC:PRESCALER|Q_INT[5] ; MCLK         ; MCLK        ; 0.000        ; 0.000      ; 6.952      ;
; 6.913 ; COUNTER_INC:PRESCALER|Q_INT[0] ; COUNTER_INC:PRESCALER|Q_INT[4] ; MCLK         ; MCLK        ; 0.000        ; 0.000      ; 6.952      ;
; 6.998 ; COUNTER_INC:PRESCALER|Q_INT[3] ; COUNTER_INC:PRESCALER|Q_INT[6] ; MCLK         ; MCLK        ; 0.000        ; 0.000      ; 7.037      ;
; 6.998 ; COUNTER_INC:PRESCALER|Q_INT[3] ; COUNTER_INC:PRESCALER|Q_INT[5] ; MCLK         ; MCLK        ; 0.000        ; 0.000      ; 7.037      ;
; 6.998 ; COUNTER_INC:PRESCALER|Q_INT[3] ; COUNTER_INC:PRESCALER|Q_INT[4] ; MCLK         ; MCLK        ; 0.000        ; 0.000      ; 7.037      ;
; 7.054 ; COUNTER_INC:PRESCALER|Q_INT[2] ; COUNTER_INC:PRESCALER|Q_INT[6] ; MCLK         ; MCLK        ; 0.000        ; 0.000      ; 7.093      ;
; 7.054 ; COUNTER_INC:PRESCALER|Q_INT[2] ; COUNTER_INC:PRESCALER|Q_INT[5] ; MCLK         ; MCLK        ; 0.000        ; 0.000      ; 7.093      ;
; 7.054 ; COUNTER_INC:PRESCALER|Q_INT[2] ; COUNTER_INC:PRESCALER|Q_INT[4] ; MCLK         ; MCLK        ; 0.000        ; 0.000      ; 7.093      ;
+-------+--------------------------------+--------------------------------+--------------+-------------+--------------+------------+------------+


+----------------------------------------------------------------------------------------------------------------------------------+
; Recovery: 'Q_SEQ[5]'                                                                                                             ;
+---------+--------------------------------------+-----------+--------------+-------------+--------------+------------+------------+
; Slack   ; From Node                            ; To Node   ; Launch Clock ; Latch Clock ; Relationship ; Clock Skew ; Data Delay ;
+---------+--------------------------------------+-----------+--------------+-------------+--------------+------------+------------+
; -11.301 ; COUNTER_INC:ADDRESS_COUNTER|Q_INT[0] ; S_REG[14] ; Q_SEQ[5]     ; Q_SEQ[5]    ; 1.000        ; 0.000      ; 11.980     ;
; -9.635  ; COUNTER_INC:ADDRESS_COUNTER|Q_INT[1] ; S_REG[13] ; Q_SEQ[5]     ; Q_SEQ[5]    ; 1.000        ; 0.000      ; 10.314     ;
; -8.421  ; COUNTER_INC:ADDRESS_COUNTER|Q_INT[0] ; S_REG[8]  ; Q_SEQ[5]     ; Q_SEQ[5]    ; 1.000        ; 0.000      ; 9.100      ;
; -7.839  ; COUNTER_INC:ADDRESS_COUNTER|Q_INT[0] ; S_REG[13] ; Q_SEQ[5]     ; Q_SEQ[5]    ; 1.000        ; 0.000      ; 8.518      ;
; -7.327  ; COUNTER_INC:ADDRESS_COUNTER|Q_INT[1] ; S_REG[14] ; Q_SEQ[5]     ; Q_SEQ[5]    ; 1.000        ; 0.000      ; 8.006      ;
; -5.535  ; COUNTER_INC:ADDRESS_COUNTER|Q_INT[1] ; S_REG[8]  ; Q_SEQ[5]     ; Q_SEQ[5]    ; 1.000        ; 0.000      ; 6.214      ;
+---------+--------------------------------------+-----------+--------------+-------------+--------------+------------+------------+


+---------------------------------------------------------------------------------------------------------------------------------+
; Removal: 'Q_SEQ[5]'                                                                                                             ;
+--------+--------------------------------------+-----------+--------------+-------------+--------------+------------+------------+
; Slack  ; From Node                            ; To Node   ; Launch Clock ; Latch Clock ; Relationship ; Clock Skew ; Data Delay ;
+--------+--------------------------------------+-----------+--------------+-------------+--------------+------------+------------+
; 6.175  ; COUNTER_INC:ADDRESS_COUNTER|Q_INT[1] ; S_REG[8]  ; Q_SEQ[5]     ; Q_SEQ[5]    ; 0.000        ; 0.000      ; 6.214      ;
; 7.967  ; COUNTER_INC:ADDRESS_COUNTER|Q_INT[1] ; S_REG[14] ; Q_SEQ[5]     ; Q_SEQ[5]    ; 0.000        ; 0.000      ; 8.006      ;
; 8.479  ; COUNTER_INC:ADDRESS_COUNTER|Q_INT[0] ; S_REG[13] ; Q_SEQ[5]     ; Q_SEQ[5]    ; 0.000        ; 0.000      ; 8.518      ;
; 9.061  ; COUNTER_INC:ADDRESS_COUNTER|Q_INT[0] ; S_REG[8]  ; Q_SEQ[5]     ; Q_SEQ[5]    ; 0.000        ; 0.000      ; 9.100      ;
; 10.275 ; COUNTER_INC:ADDRESS_COUNTER|Q_INT[1] ; S_REG[13] ; Q_SEQ[5]     ; Q_SEQ[5]    ; 0.000        ; 0.000      ; 10.314     ;
; 11.941 ; COUNTER_INC:ADDRESS_COUNTER|Q_INT[0] ; S_REG[14] ; Q_SEQ[5]     ; Q_SEQ[5]    ; 0.000        ; 0.000      ; 11.980     ;
+--------+--------------------------------------+-----------+--------------+-------------+--------------+------------+------------+


+-------------------------------------------------------------------+
; Setup Transfers                                                   ;
+------------+----------+----------+----------+----------+----------+
; From Clock ; To Clock ; RR Paths ; FR Paths ; RF Paths ; FF Paths ;
+------------+----------+----------+----------+----------+----------+
; CLK_EN     ; CLK_EN   ; 53       ; 0        ; 0        ; 0        ;
; Q_SEQ[5]   ; CLK_EN   ; 5        ; 5        ; 0        ; 0        ;
; MCLK       ; MCLK     ; 46       ; 0        ; 0        ; 0        ;
; Q_SEQ[5]   ; Q_SEQ[5] ; 0        ; 0        ; 0        ; 12       ;
+------------+----------+----------+----------+----------+----------+
Entries labeled "false path" only account for clock-to-clock false paths and not path-based false paths. As a result, actual path counts may be lower than reported.


+-------------------------------------------------------------------+
; Hold Transfers                                                    ;
+------------+----------+----------+----------+----------+----------+
; From Clock ; To Clock ; RR Paths ; FR Paths ; RF Paths ; FF Paths ;
+------------+----------+----------+----------+----------+----------+
; CLK_EN     ; CLK_EN   ; 53       ; 0        ; 0        ; 0        ;
; Q_SEQ[5]   ; CLK_EN   ; 5        ; 5        ; 0        ; 0        ;
; MCLK       ; MCLK     ; 46       ; 0        ; 0        ; 0        ;
; Q_SEQ[5]   ; Q_SEQ[5] ; 0        ; 0        ; 0        ; 12       ;
+------------+----------+----------+----------+----------+----------+
Entries labeled "false path" only account for clock-to-clock false paths and not path-based false paths. As a result, actual path counts may be lower than reported.


+-------------------------------------------------------------------+
; Recovery Transfers                                                ;
+------------+----------+----------+----------+----------+----------+
; From Clock ; To Clock ; RR Paths ; FR Paths ; RF Paths ; FF Paths ;
+------------+----------+----------+----------+----------+----------+
; Q_SEQ[5]   ; Q_SEQ[5] ; 0        ; 0        ; 0        ; 6        ;
+------------+----------+----------+----------+----------+----------+
Entries labeled "false path" only account for clock-to-clock false paths and not path-based false paths. As a result, actual path counts may be lower than reported.


+-------------------------------------------------------------------+
; Removal Transfers                                                 ;
+------------+----------+----------+----------+----------+----------+
; From Clock ; To Clock ; RR Paths ; FR Paths ; RF Paths ; FF Paths ;
+------------+----------+----------+----------+----------+----------+
; Q_SEQ[5]   ; Q_SEQ[5] ; 0        ; 0        ; 0        ; 6        ;
+------------+----------+----------+----------+----------+----------+
Entries labeled "false path" only account for clock-to-clock false paths and not path-based false paths. As a result, actual path counts may be lower than reported.


---------------
; Report TCCS ;
---------------
No dedicated SERDES Transmitter circuitry present in device or used in design


---------------
; Report RSKM ;
---------------
No non-DPA dedicated SERDES Receiver circuitry present in device or used in design


+------------------------------------------------+
; Unconstrained Paths Summary                    ;
+---------------------------------+-------+------+
; Property                        ; Setup ; Hold ;
+---------------------------------+-------+------+
; Illegal Clocks                  ; 0     ; 0    ;
; Unconstrained Clocks            ; 0     ; 0    ;
; Unconstrained Input Ports       ; 1     ; 1    ;
; Unconstrained Input Port Paths  ; 20    ; 20   ;
; Unconstrained Output Ports      ; 4     ; 4    ;
; Unconstrained Output Port Paths ; 11    ; 11   ;
+---------------------------------+-------+------+


+------------------------------------------+
; Clock Status Summary                     ;
+----------+----------+------+-------------+
; Target   ; Clock    ; Type ; Status      ;
+----------+----------+------+-------------+
; CLK_EN   ; CLK_EN   ; Base ; Constrained ;
; MCLK     ; MCLK     ; Base ; Constrained ;
; Q_SEQ[5] ; Q_SEQ[5] ; Base ; Constrained ;
+----------+----------+------+-------------+


+---------------------------------------------------------------------------------------------------+
; Unconstrained Input Ports                                                                         ;
+------------+--------------------------------------------------------------------------------------+
; Input Port ; Comment                                                                              ;
+------------+--------------------------------------------------------------------------------------+
; nRES       ; No input delay, min/max delays, false-path exceptions, or max skew assignments found ;
+------------+--------------------------------------------------------------------------------------+


+-----------------------------------------------------------------------------------------------------+
; Unconstrained Output Ports                                                                          ;
+-------------+---------------------------------------------------------------------------------------+
; Output Port ; Comment                                                                               ;
+-------------+---------------------------------------------------------------------------------------+
; FSYNC       ; No output delay, min/max delays, false-path exceptions, or max skew assignments found ;
; RESET       ; No output delay, min/max delays, false-path exceptions, or max skew assignments found ;
; SCLK        ; No output delay, min/max delays, false-path exceptions, or max skew assignments found ;
; SDATA       ; No output delay, min/max delays, false-path exceptions, or max skew assignments found ;
+-------------+---------------------------------------------------------------------------------------+


+---------------------------------------------------------------------------------------------------+
; Unconstrained Input Ports                                                                         ;
+------------+--------------------------------------------------------------------------------------+
; Input Port ; Comment                                                                              ;
+------------+--------------------------------------------------------------------------------------+
; nRES       ; No input delay, min/max delays, false-path exceptions, or max skew assignments found ;
+------------+--------------------------------------------------------------------------------------+


+-----------------------------------------------------------------------------------------------------+
; Unconstrained Output Ports                                                                          ;
+-------------+---------------------------------------------------------------------------------------+
; Output Port ; Comment                                                                               ;
+-------------+---------------------------------------------------------------------------------------+
; FSYNC       ; No output delay, min/max delays, false-path exceptions, or max skew assignments found ;
; RESET       ; No output delay, min/max delays, false-path exceptions, or max skew assignments found ;
; SCLK        ; No output delay, min/max delays, false-path exceptions, or max skew assignments found ;
; SDATA       ; No output delay, min/max delays, false-path exceptions, or max skew assignments found ;
+-------------+---------------------------------------------------------------------------------------+


+--------------------------+
; Timing Analyzer Messages ;
+--------------------------+
Info: *******************************************************************
Info: Running Quartus Prime Timing Analyzer
    Info: Version 19.1.0 Build 670 09/22/2019 SJ Lite Edition
    Info: Processing started: Mon Apr 20 11:15:47 2020
Info: Command: quartus_sta DDS_init -c DDS_INIT
Info: qsta_default_script.tcl version: #1
Warning (18236): Number of processors has not been specified which may cause overloading on shared machines.  Set the global assignment NUM_PARALLEL_PROCESSORS in your QSF to an appropriate value for best performance.
Info (20030): Parallel compilation is enabled and will use 2 of the 2 processors detected
Info (21077): Low junction temperature is 0 degrees C
Info (21077): High junction temperature is 85 degrees C
Info (334003): Started post-fitting delay annotation
Info (334004): Delay annotation completed successfully
Critical Warning (332012): Synopsys Design Constraints File file not found: 'DDS_INIT.sdc'. A Synopsys Design Constraints File is required by the Timing Analyzer to get proper timing constraints. Without it, the Compiler will not properly optimize the design.
Info (332142): No user constrained base clocks found in the design. Calling "derive_clocks -period 1.0"
Info (332105): Deriving Clocks
    Info (332105): create_clock -period 1.000 -name CLK_EN CLK_EN
    Info (332105): create_clock -period 1.000 -name MCLK MCLK
    Info (332105): create_clock -period 1.000 -name Q_SEQ[5] Q_SEQ[5]
Info: Found TIMING_ANALYZER_REPORT_SCRIPT_INCLUDE_DEFAULT_ANALYSIS = ON
Info: Can't run Report Timing Closure Recommendations. The current device family is not supported.
Critical Warning (332148): Timing requirements not met
Info (332146): Worst-case setup slack is -11.810
    Info (332119):     Slack       End Point TNS Clock 
    Info (332119): ========= =================== =====================
    Info (332119):   -11.810             -58.373 CLK_EN 
    Info (332119):    -7.566             -30.082 Q_SEQ[5] 
    Info (332119):    -6.437             -40.679 MCLK 
Info (332146): Worst-case hold slack is -2.076
    Info (332119):     Slack       End Point TNS Clock 
    Info (332119): ========= =================== =====================
    Info (332119):    -2.076              -5.508 CLK_EN 
    Info (332119):     1.728               0.000 Q_SEQ[5] 
    Info (332119):     5.243               0.000 MCLK 
Info (332146): Worst-case recovery slack is -11.301
    Info (332119):     Slack       End Point TNS Clock 
    Info (332119): ========= =================== =====================
    Info (332119):   -11.301             -29.357 Q_SEQ[5] 
Info (332146): Worst-case removal slack is 6.175
    Info (332119):     Slack       End Point TNS Clock 
    Info (332119): ========= =================== =====================
    Info (332119):     6.175               0.000 Q_SEQ[5] 
Info (332146): Worst-case minimum pulse width slack is -2.289
    Info (332119):     Slack       End Point TNS Clock 
    Info (332119): ========= =================== =====================
    Info (332119):    -2.289              -2.289 MCLK 
    Info (332119):     0.161               0.000 CLK_EN 
    Info (332119):     0.161               0.000 Q_SEQ[5] 
Info (332001): The selected device family is not supported by the report_metastability command.
Info (332102): Design is not fully constrained for setup requirements
Info (332102): Design is not fully constrained for hold requirements
Info: Quartus Prime Timing Analyzer was successful. 0 errors, 3 warnings
    Info: Peak virtual memory: 4668 megabytes
    Info: Processing ended: Mon Apr 20 11:15:50 2020
    Info: Elapsed time: 00:00:03
    Info: Total CPU time (on all processors): 00:00:03


